******************************************************************************
                  TI ARM Linker PC v18.1.3                     
******************************************************************************
>> Linked Sat Jan 18 23:20:46 2025

OUTPUT FILE NAME:   <buton_led.out>
ENTRY POINT SYMBOL: "_c_int00_noargs"  address: 0000221d


MEMORY CONFIGURATION

         name            origin    length      used     unused   attr    fill
----------------------  --------  ---------  --------  --------  ----  --------
  FLASH                 00000000   00040000  0000281c  0003d7e4  R  X
  SRAM                  20000000   00008000  0000046c  00007b94  RW X


SEGMENT ALLOCATION MAP

run origin  load origin   length   init length attrs members
----------  ----------- ---------- ----------- ----- -------
00000000    00000000    0000281c   0000281c    r-x
  00000000    00000000    0000026c   0000026c    r-- .intvecs
  0000026c    0000026c    000020b0   000020b0    r-x .text
  0000231c    0000231c    000004ec   000004ec    r-- .const
  00002808    00002808    00000014   00000014    r-- .cinit
20000000    20000000    00000470   00000000    rw-
  20000000    20000000    0000026c   00000000    rw- .vtable
  20000270    20000270    00000200   00000000    rw- .stack


SECTION ALLOCATION MAP

 output                                  attributes/
section   page    origin      length       input sections
--------  ----  ----------  ----------   ----------------
.intvecs   0    00000000    0000026c     
                  00000000    0000026c     tm4c123gh6pm_startup_ccs.obj (.intvecs)

.text      0    0000026c    000020b0     
                  0000026c    00001c24     main.obj (.text)
                  00001e90    00000136     rtsv7M4_T_le_v4SPD16_eabi.lib : fd_div_t2.asm.obj (.text)
                  00001fc6    000000fc                                   : fd_mul_t2.asm.obj (.text)
                  000020c2    00000002     driverlib.lib : interrupt.obj (.text:_IntDefaultHandler)
                  000020c4    00000068                   : interrupt.obj (.text:IntDisable)
                  0000212c    00000068                   : interrupt.obj (.text:IntEnable)
                  00002194    00000044     rtsv7M4_T_le_v4SPD16_eabi.lib : autoinit.c.obj (.text:__TI_auto_init_nobinit_nopinit:__TI_auto_init_nobinit_nopinit)
                  000021d8    00000044                                   : fd_tou_t2.asm.obj (.text)
                  0000221c    00000038                                   : boot_cortex_m.c.obj (.text:_c_int00_noargs:_c_int00_noargs)
                  00002254    00000034     driverlib.lib : interrupt.obj (.text:IntRegister)
                  00002288    0000002e     rtsv7M4_T_le_v4SPD16_eabi.lib : i_tofd_t2.asm.obj (.text)
                  000022b6    00000020                                   : u_tofd_t2.asm.obj (.text)
                  000022d6    00000002     --HOLE-- [fill = 0]
                  000022d8    00000014     driverlib.lib : interrupt.obj (.text:IntUnregister)
                  000022ec    00000012     rtsv7M4_T_le_v4SPD16_eabi.lib : copy_zero_init.c.obj (.text:decompress:ZI:__TI_zero_init_nomemset:__TI_zero_init_nomemset)
                  000022fe    0000000c     tm4c123gh6pm_startup_ccs.obj (.text)
                  0000230a    00000006     main.obj (.text:SysCtlDelay)
                  00002310    00000004     driverlib.lib : cpu.obj (.text:CPUwfi)
                  00002314    00000004     rtsv7M4_T_le_v4SPD16_eabi.lib : pre_init.c.obj (.text:_system_pre_init)
                  00002318    00000004                                   : exit.c.obj (.text:abort:abort)

.const     0    0000231c    000004ec     
                  0000231c    000001b0     main.obj (.const:g_pppui32XTALtoVCO)
                  000024cc    000000d8     main.obj (.const:g_ppui32GPIOIntMapSnowflake)
                  000025a4    000000c0     main.obj (.const:g_ppui32GPIOIntMapBlizzard)
                  00002664    00000090     main.obj (.const:g_pui32GPIOBaseAddrs)
                  000026f4    00000070     driverlib.lib : interrupt.obj (.const)
                  00002764    0000006c     main.obj (.const:g_pui32Xtals)
                  000027d0    00000030     main.obj (.const:g_sXTALtoMEMTIM)
                  00002800    00000008     main.obj (.const:g_pui32VCOFrequencies)

.cinit     0    00002808    00000014     
                  00002808    00000008     (.cinit..vtable.load) [load image, compression = zero_init]
                  00002810    00000004     (__TI_handler_table)
                  00002814    00000008     (__TI_cinit_table)

.init_array 
*          0    00000000    00000000     UNINITIALIZED

.vtable    0    20000000    0000026c     UNINITIALIZED
                  20000000    0000026c     driverlib.lib : interrupt.obj (.vtable)

.stack     0    20000270    00000200     UNINITIALIZED
                  20000270    00000004     rtsv7M4_T_le_v4SPD16_eabi.lib : boot_cortex_m.c.obj (.stack)
                  20000274    000001fc     --HOLE--

MODULE SUMMARY

       Module                         code   ro data   rw data
       ------                         ----   -------   -------
    .\
       main.obj                       7210   1148      0      
       tm4c123gh6pm_startup_ccs.obj   12     620       0      
    +--+------------------------------+------+---------+---------+
       Total:                         7222   1768      0      
                                                              
    C:/ti/TivaWare_C_Series-2.1.4.178/driverlib/ccs/Debug/driverlib.lib
       interrupt.obj                  282    112       620    
       cpu.obj                        4      0         0      
    +--+------------------------------+------+---------+---------+
       Total:                         286    112       620    
                                                              
    C:\ti\ccsv8\tools\compiler\ti-cgt-arm_18.1.3.LTS\lib\rtsv7M4_T_le_v4SPD16_eabi.lib
       fd_div_t2.asm.obj              310    0         0      
       fd_mul_t2.asm.obj              252    0         0      
       autoinit.c.obj                 68     0         0      
       fd_tou_t2.asm.obj              68     0         0      
       boot_cortex_m.c.obj            56     0         0      
       i_tofd_t2.asm.obj              46     0         0      
       u_tofd_t2.asm.obj              32     0         0      
       copy_zero_init.c.obj           18     0         0      
       exit.c.obj                     4      0         0      
       pre_init.c.obj                 4      0         0      
    +--+------------------------------+------+---------+---------+
       Total:                         858    0         0      
                                                              
       Stack:                         0      0         512    
       Linker Generated:              0      20        0      
    +--+------------------------------+------+---------+---------+
       Grand Total:                   8366   1900      1132   


LINKER GENERATED COPY TABLES

__TI_cinit_table @ 00002814 records: 1, size/record: 8, table size: 8
	.vtable: load addr=00002808, load size=00000008 bytes, run addr=20000000, run size=0000026c bytes, compression=zero_init


LINKER GENERATED HANDLER TABLE

__TI_handler_table @ 00002810 records: 1, size/record: 4, table size: 4
	index: 0, handler: __TI_zero_init


GLOBAL SYMBOLS: SORTED ALPHABETICALLY BY Name 

address   name                            
-------   ----                            
00002319  C$$EXIT                         
00002311  CPUwfi                          
00000dd9  GPIOADCTriggerDisable           
00000dbb  GPIOADCTriggerEnable            
00000d9d  GPIODMATriggerDisable           
00000d7f  GPIODMATriggerEnable            
00000327  GPIODirModeGet                  
000002cb  GPIODirModeSet                  
0000088f  GPIOIntClear                    
00000853  GPIOIntDisable                  
00000839  GPIOIntEnable                   
000008a3  GPIOIntRegister                 
000008db  GPIOIntRegisterPin              
0000086d  GPIOIntStatus                   
00000417  GPIOIntTypeGet                  
00000373  GPIOIntTypeSet                  
000008c1  GPIOIntUnregister               
00000909  GPIOIntUnregisterPin            
000006e7  GPIOPadConfigGet                
000004ad  GPIOPadConfigSet                
00000d21  GPIOPinConfigure                
0000092d  GPIOPinRead                     
00000965  GPIOPinTypeADC                  
00000989  GPIOPinTypeCAN                  
000009ad  GPIOPinTypeComparator           
000009d1  GPIOPinTypeComparatorOutput     
000009f5  GPIOPinTypeDIVSCLK              
00000a19  GPIOPinTypeEPI                  
00000a3d  GPIOPinTypeEthernetLED          
00000a61  GPIOPinTypeEthernetMII          
00000a85  GPIOPinTypeGPIOInput            
00000aa9  GPIOPinTypeGPIOOutput           
00000acd  GPIOPinTypeGPIOOutputOD         
00000af1  GPIOPinTypeHibernateRTCCLK      
00000b15  GPIOPinTypeI2C                  
00000b39  GPIOPinTypeI2CSCL               
00000b5d  GPIOPinTypeLCD                  
00000b81  GPIOPinTypeOneWire              
00000ba5  GPIOPinTypePWM                  
00000bc9  GPIOPinTypeQEI                  
00000bed  GPIOPinTypeSSI                  
00000c11  GPIOPinTypeTimer                
00000c35  GPIOPinTypeTrace                
00000c59  GPIOPinTypeUART                 
00000c7d  GPIOPinTypeUSBAnalog            
00000ca1  GPIOPinTypeUSBDigital           
00000cc5  GPIOPinTypeWakeHigh             
00000ceb  GPIOPinTypeWakeLow              
00000d11  GPIOPinWakeStatus               
00000945  GPIOPinWrite                    
000020c5  IntDisable                      
0000212d  IntEnable                       
00002255  IntRegister                     
000022d9  IntUnregister                   
000022ff  ResetISR                        
00001d3d  SysCtlAltClkConfig              
00001465  SysCtlClockFreqSet              
0000192d  SysCtlClockGet                  
00001d21  SysCtlClockOutConfig            
0000175d  SysCtlClockSet                  
00001369  SysCtlDeepSleep                 
00001af1  SysCtlDeepSleepClockConfigSet   
00001ad3  SysCtlDeepSleepClockSet         
00001349  SysCtlDeepSleepPowerSet         
0000230b  SysCtlDelay                     
00000eed  SysCtlFlashSectorSizeGet        
00000ec1  SysCtlFlashSizeGet              
00001bc7  SysCtlGPIOAHBDisable            
00001bab  SysCtlGPIOAHBEnable             
000012dd  SysCtlIntClear                  
000012c5  SysCtlIntDisable                
000012b1  SysCtlIntEnable                 
0000128d  SysCtlIntRegister               
000012ed  SysCtlIntStatus                 
000012a1  SysCtlIntUnregister             
0000132f  SysCtlLDODeepSleepGet           
0000131f  SysCtlLDODeepSleepSet           
00001319  SysCtlLDOSleepGet               
00001309  SysCtlLDOSleepSet               
0000139f  SysCtlMOSCConfigSet             
00001d05  SysCtlNMIClear                  
00001cf1  SysCtlNMIStatus                 
000013b5  SysCtlPIOSCCalibrate            
00001b95  SysCtlPWMClockGet               
00001b7b  SysCtlPWMClockSet               
00001235  SysCtlPeripheralClockGating     
000011f1  SysCtlPeripheralDeepSleepDisable
0000119d  SysCtlPeripheralDeepSleepEnable 
000010d9  SysCtlPeripheralDisable         
0000109d  SysCtlPeripheralEnable          
00000fcf  SysCtlPeripheralPowerOff        
00000f93  SysCtlPeripheralPowerOn         
00000f13  SysCtlPeripheralPresent         
00000f53  SysCtlPeripheralReady           
00001015  SysCtlPeripheralReset           
00001161  SysCtlPeripheralSleepDisable    
0000111d  SysCtlPeripheralSleepEnable     
00001359  SysCtlReset                     
00001415  SysCtlResetBehaviorGet          
00001405  SysCtlResetBehaviorSet          
0000138b  SysCtlResetCauseClear           
00001385  SysCtlResetCauseGet             
00000eb7  SysCtlSRAMSizeGet               
00001361  SysCtlSleep                     
00001335  SysCtlSleepPowerSet             
00001bef  SysCtlUSBPLLDisable             
00001be3  SysCtlUSBPLLEnable              
00001c35  SysCtlVCOGet                    
00001c1d  SysCtlVoltageEventClear         
00001c01  SysCtlVoltageEventConfig        
00001c11  SysCtlVoltageEventStatus        
20000470  __STACK_END                     
00000200  __STACK_SIZE                    
20000470  __STACK_TOP                     
00002814  __TI_CINIT_Base                 
0000281c  __TI_CINIT_Limit                
00002810  __TI_Handler_Table_Base         
00002814  __TI_Handler_Table_Limit        
00002195  __TI_auto_init_nobinit_nopinit  
ffffffff  __TI_pprof_out_hndl             
ffffffff  __TI_prof_data_size             
ffffffff  __TI_prof_data_start            
00000000  __TI_static_base__              
000022ed  __TI_zero_init_nomemset         
000021d9  __aeabi_d2uiz                   
00001e91  __aeabi_ddiv                    
00001fc7  __aeabi_dmul                    
00002289  __aeabi_i2d                     
000022b7  __aeabi_ui2d                    
ffffffff  __binit__                       
ffffffff  __c_args__                      
UNDEFED   __mpu_init                      
20000270  __stack                         
0000221d  _c_int00_noargs                 
UNDEFED   _system_post_cinit              
00002315  _system_pre_init                
00002319  abort                           
ffffffff  binit                           
00001e15  delayMs                         
20000000  g_pfnRAMVectors                 
00000000  g_pfnVectors                    
00001d5d  main                            


GLOBAL SYMBOLS: SORTED BY Symbol Address 

address   name                            
-------   ----                            
00000000  __TI_static_base__              
00000000  g_pfnVectors                    
00000200  __STACK_SIZE                    
000002cb  GPIODirModeSet                  
00000327  GPIODirModeGet                  
00000373  GPIOIntTypeSet                  
00000417  GPIOIntTypeGet                  
000004ad  GPIOPadConfigSet                
000006e7  GPIOPadConfigGet                
00000839  GPIOIntEnable                   
00000853  GPIOIntDisable                  
0000086d  GPIOIntStatus                   
0000088f  GPIOIntClear                    
000008a3  GPIOIntRegister                 
000008c1  GPIOIntUnregister               
000008db  GPIOIntRegisterPin              
00000909  GPIOIntUnregisterPin            
0000092d  GPIOPinRead                     
00000945  GPIOPinWrite                    
00000965  GPIOPinTypeADC                  
00000989  GPIOPinTypeCAN                  
000009ad  GPIOPinTypeComparator           
000009d1  GPIOPinTypeComparatorOutput     
000009f5  GPIOPinTypeDIVSCLK              
00000a19  GPIOPinTypeEPI                  
00000a3d  GPIOPinTypeEthernetLED          
00000a61  GPIOPinTypeEthernetMII          
00000a85  GPIOPinTypeGPIOInput            
00000aa9  GPIOPinTypeGPIOOutput           
00000acd  GPIOPinTypeGPIOOutputOD         
00000af1  GPIOPinTypeHibernateRTCCLK      
00000b15  GPIOPinTypeI2C                  
00000b39  GPIOPinTypeI2CSCL               
00000b5d  GPIOPinTypeLCD                  
00000b81  GPIOPinTypeOneWire              
00000ba5  GPIOPinTypePWM                  
00000bc9  GPIOPinTypeQEI                  
00000bed  GPIOPinTypeSSI                  
00000c11  GPIOPinTypeTimer                
00000c35  GPIOPinTypeTrace                
00000c59  GPIOPinTypeUART                 
00000c7d  GPIOPinTypeUSBAnalog            
00000ca1  GPIOPinTypeUSBDigital           
00000cc5  GPIOPinTypeWakeHigh             
00000ceb  GPIOPinTypeWakeLow              
00000d11  GPIOPinWakeStatus               
00000d21  GPIOPinConfigure                
00000d7f  GPIODMATriggerEnable            
00000d9d  GPIODMATriggerDisable           
00000dbb  GPIOADCTriggerEnable            
00000dd9  GPIOADCTriggerDisable           
00000eb7  SysCtlSRAMSizeGet               
00000ec1  SysCtlFlashSizeGet              
00000eed  SysCtlFlashSectorSizeGet        
00000f13  SysCtlPeripheralPresent         
00000f53  SysCtlPeripheralReady           
00000f93  SysCtlPeripheralPowerOn         
00000fcf  SysCtlPeripheralPowerOff        
00001015  SysCtlPeripheralReset           
0000109d  SysCtlPeripheralEnable          
000010d9  SysCtlPeripheralDisable         
0000111d  SysCtlPeripheralSleepEnable     
00001161  SysCtlPeripheralSleepDisable    
0000119d  SysCtlPeripheralDeepSleepEnable 
000011f1  SysCtlPeripheralDeepSleepDisable
00001235  SysCtlPeripheralClockGating     
0000128d  SysCtlIntRegister               
000012a1  SysCtlIntUnregister             
000012b1  SysCtlIntEnable                 
000012c5  SysCtlIntDisable                
000012dd  SysCtlIntClear                  
000012ed  SysCtlIntStatus                 
00001309  SysCtlLDOSleepSet               
00001319  SysCtlLDOSleepGet               
0000131f  SysCtlLDODeepSleepSet           
0000132f  SysCtlLDODeepSleepGet           
00001335  SysCtlSleepPowerSet             
00001349  SysCtlDeepSleepPowerSet         
00001359  SysCtlReset                     
00001361  SysCtlSleep                     
00001369  SysCtlDeepSleep                 
00001385  SysCtlResetCauseGet             
0000138b  SysCtlResetCauseClear           
0000139f  SysCtlMOSCConfigSet             
000013b5  SysCtlPIOSCCalibrate            
00001405  SysCtlResetBehaviorSet          
00001415  SysCtlResetBehaviorGet          
00001465  SysCtlClockFreqSet              
0000175d  SysCtlClockSet                  
0000192d  SysCtlClockGet                  
00001ad3  SysCtlDeepSleepClockSet         
00001af1  SysCtlDeepSleepClockConfigSet   
00001b7b  SysCtlPWMClockSet               
00001b95  SysCtlPWMClockGet               
00001bab  SysCtlGPIOAHBEnable             
00001bc7  SysCtlGPIOAHBDisable            
00001be3  SysCtlUSBPLLEnable              
00001bef  SysCtlUSBPLLDisable             
00001c01  SysCtlVoltageEventConfig        
00001c11  SysCtlVoltageEventStatus        
00001c1d  SysCtlVoltageEventClear         
00001c35  SysCtlVCOGet                    
00001cf1  SysCtlNMIStatus                 
00001d05  SysCtlNMIClear                  
00001d21  SysCtlClockOutConfig            
00001d3d  SysCtlAltClkConfig              
00001d5d  main                            
00001e15  delayMs                         
00001e91  __aeabi_ddiv                    
00001fc7  __aeabi_dmul                    
000020c5  IntDisable                      
0000212d  IntEnable                       
00002195  __TI_auto_init_nobinit_nopinit  
000021d9  __aeabi_d2uiz                   
0000221d  _c_int00_noargs                 
00002255  IntRegister                     
00002289  __aeabi_i2d                     
000022b7  __aeabi_ui2d                    
000022d9  IntUnregister                   
000022ed  __TI_zero_init_nomemset         
000022ff  ResetISR                        
0000230b  SysCtlDelay                     
00002311  CPUwfi                          
00002315  _system_pre_init                
00002319  C$$EXIT                         
00002319  abort                           
00002810  __TI_Handler_Table_Base         
00002814  __TI_CINIT_Base                 
00002814  __TI_Handler_Table_Limit        
0000281c  __TI_CINIT_Limit                
20000000  g_pfnRAMVectors                 
20000270  __stack                         
20000470  __STACK_END                     
20000470  __STACK_TOP                     
ffffffff  __TI_pprof_out_hndl             
ffffffff  __TI_prof_data_size             
ffffffff  __TI_prof_data_start            
ffffffff  __binit__                       
ffffffff  __c_args__                      
ffffffff  binit                           
UNDEFED   __mpu_init                      
UNDEFED   _system_post_cinit              

[142 symbols]
