******************************************************************************
                  TI ARM Linker PC v18.1.3                     
******************************************************************************
>> Linked Sat Jan 18 23:16:19 2025

OUTPUT FILE NAME:   <lcd_saatseriport2.out>
ENTRY POINT SYMBOL: "_c_int00_noargs"  address: 0000111d


MEMORY CONFIGURATION

         name            origin    length      used     unused   attr    fill
----------------------  --------  ---------  --------  --------  ----  --------
  FLASH                 00000000   00040000  000014a8  0003eb58  R  X
  SRAM                  20000000   00008000  00000244  00007dbc  RW X


SEGMENT ALLOCATION MAP

run origin  load origin   length   init length attrs members
----------  ----------- ---------- ----------- ----- -------
00000000    00000000    000014a8   000014a8    r-x
  00000000    00000000    0000026c   0000026c    r-- .intvecs
  0000026c    0000026c    000010f8   000010f8    r-x .text
  00001364    00001364    000000fc   000000fc    r-- .const
  00001460    00001460    00000048   00000048    r-- .cinit
20000000    20000000    00000244   00000000    rw-
  20000000    20000000    00000200   00000000    rw- .stack
  20000200    20000200    00000028   00000000    rw- .data
  20000228    20000228    0000001c   00000000    rw- .bss


SECTION ALLOCATION MAP

 output                                  attributes/
section   page    origin      length       input sections
--------  ----  ----------  ----------   ----------------
.intvecs   0    00000000    0000026c     
                  00000000    0000026c     tm4c123gh6pm_startup_ccs.obj (.intvecs)

.text      0    0000026c    000010f8     
                  0000026c    000005b8     main.obj (.text)
                  00000824    000002bc     lcd.obj (.text)
                  00000ae0    00000132     driverlib.lib : gpio.obj (.text:GPIOPadConfigSet)
                  00000c12    00000002     --HOLE-- [fill = 0]
                  00000c14    00000110                   : sysctl.obj (.text:SysCtlClockGet)
                  00000d24    000000f4                   : sysctl.obj (.text:SysCtlClockSet)
                  00000e18    0000009c     rtsv7M4_T_le_v4SPD16_eabi.lib : memcpy_t2.asm.obj (.text)
                  00000eb4    0000007a     driverlib.lib : adc.obj (.text:ADCSequenceStepConfigure)
                  00000f2e    00000068     rtsv7M4_T_le_v4SPD16_eabi.lib : copy_decompress_lzss.c.obj (.text:decompress:lzss:__TI_decompress_lzss)
                  00000f96    00000002     --HOLE-- [fill = 0]
                  00000f98    00000060     driverlib.lib : timer.obj (.text:TimerConfigure)
                  00000ff8    00000050                   : adc.obj (.text:ADCSequenceConfigure)
                  00001048    00000048                   : gpio.obj (.text:GPIOPinConfigure)
                  00001090    00000046                   : uart.obj (.text:UARTConfigSetExpClk)
                  000010d6    00000002     --HOLE-- [fill = 0]
                  000010d8    00000044     rtsv7M4_T_le_v4SPD16_eabi.lib : autoinit.c.obj (.text:__TI_auto_init_nobinit_nopinit:__TI_auto_init_nobinit_nopinit)
                  0000111c    00000038                                   : boot_cortex_m.c.obj (.text:_c_int00_noargs:_c_int00_noargs)
                  00001154    00000034     driverlib.lib : sysctl.obj (.text:SysCtlPeripheralEnable)
                  00001188    0000002e                   : adc.obj (.text:ADCIntStatus)
                  000011b6    0000002a                   : gpio.obj (.text:GPIODirModeSet)
                  000011e0    00000020                   : uart.obj (.text:UARTDisable)
                  00001200    0000001e                   : adc.obj (.text:ADCSequenceDataGet)
                  0000121e    00000018                   : adc.obj (.text:ADCProcessorTrigger)
                  00001236    00000018                   : gpio.obj (.text:GPIOPinTypeGPIOOutput)
                  0000124e    00000002     --HOLE-- [fill = 0]
                  00001250    00000018                   : timer.obj (.text:TimerDisable)
                  00001268    00000014                   : uart.obj (.text:UARTEnable)
                  0000127c    00000012                   : gpio.obj (.text:GPIOPinTypeGPIOInput)
                  0000128e    00000012                   : gpio.obj (.text:GPIOPinTypeUART)
                  000012a0    00000012                   : timer.obj (.text:TimerLoadSet)
                  000012b2    00000012     rtsv7M4_T_le_v4SPD16_eabi.lib : copy_zero_init.c.obj (.text:decompress:ZI:__TI_zero_init_nomemset:__TI_zero_init_nomemset)
                  000012c4    0000000e     driverlib.lib : adc.obj (.text:ADCSequenceEnable)
                  000012d2    0000000e                   : gpio.obj (.text:GPIOIntStatus)
                  000012e0    0000000e                   : timer.obj (.text:TimerEnable)
                  000012ee    0000000e                   : uart.obj (.text:UARTCharsAvail)
                  000012fc    0000000e     rtsv7M4_T_le_v4SPD16_eabi.lib : copy_decompress_none.c.obj (.text:decompress:none:__TI_decompress_none)
                  0000130a    0000000c     tm4c123gh6pm_startup_ccs.obj (.text)
                  00001316    0000000a     driverlib.lib : adc.obj (.text:ADCIntClear)
                  00001320    0000000a                   : timer.obj (.text:TimerIntStatus)
                  0000132a    0000000a                   : uart.obj (.text:UARTCharGet)
                  00001334    0000000a                   : uart.obj (.text:UARTCharPut)
                  0000133e    00000008                   : timer.obj (.text:TimerIntEnable)
                  00001346    00000006                   : gpio.obj (.text:GPIOIntClear)
                  0000134c    00000006                   : gpio.obj (.text:GPIOPinWrite)
                  00001352    00000006                   : sysctl.obj (.text:SysCtlDelay)
                  00001358    00000004                   : timer.obj (.text:TimerIntClear)
                  0000135c    00000004     rtsv7M4_T_le_v4SPD16_eabi.lib : pre_init.c.obj (.text:_system_pre_init)
                  00001360    00000004                                   : exit.c.obj (.text:abort:abort)

.const     0    00001364    000000fc     
                  00001364    00000090     driverlib.lib : gpio.obj (.const:g_pui32GPIOBaseAddrs)
                  000013f4    0000006c                   : sysctl.obj (.const:g_pui32Xtals)

.cinit     0    00001460    00000048     
                  00001460    00000020     (.cinit..data.load) [load image, compression = lzss]
                  00001480    0000000c     (__TI_handler_table)
                  0000148c    00000004     --HOLE-- [fill = 0]
                  00001490    00000008     (.cinit..bss.load) [load image, compression = zero_init]
                  00001498    00000010     (__TI_cinit_table)

.init_array 
*          0    00000000    00000000     UNINITIALIZED

.data      0    20000200    00000028     UNINITIALIZED
                  20000200    00000020     main.obj (.data:saatdizi)
                  20000220    00000008     main.obj (.data)

.bss       0    20000228    0000001c     UNINITIALIZED
                  20000228    00000010     (.common:adcdata)
                  20000238    00000004     (.common:gelenveri)
                  2000023c    00000004     (.common:timerkesmesi)
                  20000240    00000001     (.common:hane0)
                  20000241    00000001     (.common:hane1)
                  20000242    00000001     (.common:hane2)
                  20000243    00000001     (.common:hane3)

.stack     0    20000000    00000200     UNINITIALIZED
                  20000000    00000004     rtsv7M4_T_le_v4SPD16_eabi.lib : boot_cortex_m.c.obj (.stack)
                  20000004    000001fc     --HOLE--

MODULE SUMMARY

       Module                         code   ro data   rw data
       ------                         ----   -------   -------
    .\
       main.obj                       1464   0         68     
       lcd.obj                        700    0         0      
       tm4c123gh6pm_startup_ccs.obj   12     620       0      
    +--+------------------------------+------+---------+---------+
       Total:                         2176   620       68     
                                                              
    C:/ti/TivaWare_C_Series-2.1.4.178/driverlib/ccs/Debug/driverlib.lib
       sysctl.obj                     574    108       0      
       gpio.obj                       506    144       0      
       adc.obj                        326    0         0      
       timer.obj                      174    0         0      
       uart.obj                       156    0         0      
    +--+------------------------------+------+---------+---------+
       Total:                         1736   252       0      
                                                              
    C:\ti\ccsv8\tools\compiler\ti-cgt-arm_18.1.3.LTS\lib\rtsv7M4_T_le_v4SPD16_eabi.lib
       memcpy_t2.asm.obj              156    0         0      
       copy_decompress_lzss.c.obj     104    0         0      
       autoinit.c.obj                 68     0         0      
       boot_cortex_m.c.obj            56     0         0      
       copy_zero_init.c.obj           18     0         0      
       copy_decompress_none.c.obj     14     0         0      
       exit.c.obj                     4      0         0      
       pre_init.c.obj                 4      0         0      
    +--+------------------------------+------+---------+---------+
       Total:                         424    0         0      
                                                              
       Stack:                         0      0         512    
       Linker Generated:              0      68        0      
    +--+------------------------------+------+---------+---------+
       Grand Total:                   4336   940       580    


LINKER GENERATED COPY TABLES

__TI_cinit_table @ 00001498 records: 2, size/record: 8, table size: 16
	.data: load addr=00001460, load size=00000020 bytes, run addr=20000200, run size=00000028 bytes, compression=lzss
	.bss: load addr=00001490, load size=00000008 bytes, run addr=20000228, run size=0000001c bytes, compression=zero_init


LINKER GENERATED HANDLER TABLE

__TI_handler_table @ 00001480 records: 3, size/record: 4, table size: 12
	index: 0, handler: __TI_decompress_lzss
	index: 1, handler: __TI_decompress_none
	index: 2, handler: __TI_zero_init


GLOBAL SYMBOLS: SORTED ALPHABETICALLY BY Name 

address   name                          
-------   ----                          
00001317  ADCIntClear                   
00001189  ADCIntStatus                  
0000121f  ADCProcessorTrigger           
00000ff9  ADCSequenceConfigure          
00001201  ADCSequenceDataGet            
000012c5  ADCSequenceEnable             
00000eb5  ADCSequenceStepConfigure      
00001361  C$$EXIT                       
000011b7  GPIODirModeSet                
00001347  GPIOIntClear                  
000012d3  GPIOIntStatus                 
00000ae1  GPIOPadConfigSet              
00001049  GPIOPinConfigure              
0000127d  GPIOPinTypeGPIOInput          
00001237  GPIOPinTypeGPIOOutput         
0000128f  GPIOPinTypeUART               
0000134d  GPIOPinWrite                  
000009e7  LCD_sil                       
0000130b  ResetISR                      
000006e5  SetInitSettings               
00000c15  SysCtlClockGet                
00000d25  SysCtlClockSet                
00001353  SysCtlDelay                   
00001155  SysCtlPeripheralEnable        
00000f99  TimerConfigure                
00001251  TimerDisable                  
000012e1  TimerEnable                   
00001359  TimerIntClear                 
0000133f  TimerIntEnable                
00001321  TimerIntStatus                
000012a1  TimerLoadSet                  
0000132b  UARTCharGet                   
00001335  UARTCharPut                   
000012ef  UARTCharsAvail                
00001091  UARTConfigSetExpClk           
000011e1  UARTDisable                   
00001269  UARTEnable                    
20000200  __STACK_END                   
00000200  __STACK_SIZE                  
20000200  __STACK_TOP                   
00001498  __TI_CINIT_Base               
000014a8  __TI_CINIT_Limit              
00001480  __TI_Handler_Table_Base       
0000148c  __TI_Handler_Table_Limit      
000010d9  __TI_auto_init_nobinit_nopinit
00000f2f  __TI_decompress_lzss          
000012fd  __TI_decompress_none          
ffffffff  __TI_pprof_out_hndl           
ffffffff  __TI_prof_data_size           
ffffffff  __TI_prof_data_start          
00000000  __TI_static_base__            
000012b3  __TI_zero_init_nomemset       
00000e19  __aeabi_memcpy                
00000e19  __aeabi_memcpy4               
00000e19  __aeabi_memcpy8               
ffffffff  __binit__                     
ffffffff  __c_args__                    
UNDEFED   __mpu_init                    
20000000  __stack                       
0000111d  _c_int00_noargs               
UNDEFED   _system_post_cinit            
0000135d  _system_pre_init              
00001361  abort                         
20000228  adcdata                       
000003f3  adcseridengonder              
00000825  baslangic                     
ffffffff  binit                         
00000000  g_pfnVectors                  
20000224  gelensaatno                   
20000238  gelenveri                     
20000240  hane0                         
20000241  hane1                         
20000242  hane2                         
20000243  hane3                         
00000919  komut_yaz                     
0000034f  lcdyeSaatYaz                  
0000026d  main                          
00000e19  memcpy                        
0000058d  pcyesaatgonder                
00000a97  portfkesmesifonksiyonu        
20000200  saatdizi                      
000005e9  saatkontrol                   
20000220  saatmi                        
0000099d  satir_sutun                   
2000023c  timerkesmesi                  
000009f7  veri                          
00000a7b  veri_yaz                      


GLOBAL SYMBOLS: SORTED BY Symbol Address 

address   name                          
-------   ----                          
00000000  __TI_static_base__            
00000000  g_pfnVectors                  
00000200  __STACK_SIZE                  
0000026d  main                          
0000034f  lcdyeSaatYaz                  
000003f3  adcseridengonder              
0000058d  pcyesaatgonder                
000005e9  saatkontrol                   
000006e5  SetInitSettings               
00000825  baslangic                     
00000919  komut_yaz                     
0000099d  satir_sutun                   
000009e7  LCD_sil                       
000009f7  veri                          
00000a7b  veri_yaz                      
00000a97  portfkesmesifonksiyonu        
00000ae1  GPIOPadConfigSet              
00000c15  SysCtlClockGet                
00000d25  SysCtlClockSet                
00000e19  __aeabi_memcpy                
00000e19  __aeabi_memcpy4               
00000e19  __aeabi_memcpy8               
00000e19  memcpy                        
00000eb5  ADCSequenceStepConfigure      
00000f2f  __TI_decompress_lzss          
00000f99  TimerConfigure                
00000ff9  ADCSequenceConfigure          
00001049  GPIOPinConfigure              
00001091  UARTConfigSetExpClk           
000010d9  __TI_auto_init_nobinit_nopinit
0000111d  _c_int00_noargs               
00001155  SysCtlPeripheralEnable        
00001189  ADCIntStatus                  
000011b7  GPIODirModeSet                
000011e1  UARTDisable                   
00001201  ADCSequenceDataGet            
0000121f  ADCProcessorTrigger           
00001237  GPIOPinTypeGPIOOutput         
00001251  TimerDisable                  
00001269  UARTEnable                    
0000127d  GPIOPinTypeGPIOInput          
0000128f  GPIOPinTypeUART               
000012a1  TimerLoadSet                  
000012b3  __TI_zero_init_nomemset       
000012c5  ADCSequenceEnable             
000012d3  GPIOIntStatus                 
000012e1  TimerEnable                   
000012ef  UARTCharsAvail                
000012fd  __TI_decompress_none          
0000130b  ResetISR                      
00001317  ADCIntClear                   
00001321  TimerIntStatus                
0000132b  UARTCharGet                   
00001335  UARTCharPut                   
0000133f  TimerIntEnable                
00001347  GPIOIntClear                  
0000134d  GPIOPinWrite                  
00001353  SysCtlDelay                   
00001359  TimerIntClear                 
0000135d  _system_pre_init              
00001361  C$$EXIT                       
00001361  abort                         
00001480  __TI_Handler_Table_Base       
0000148c  __TI_Handler_Table_Limit      
00001498  __TI_CINIT_Base               
000014a8  __TI_CINIT_Limit              
20000000  __stack                       
20000200  __STACK_END                   
20000200  __STACK_TOP                   
20000200  saatdizi                      
20000220  saatmi                        
20000224  gelensaatno                   
20000228  adcdata                       
20000238  gelenveri                     
2000023c  timerkesmesi                  
20000240  hane0                         
20000241  hane1                         
20000242  hane2                         
20000243  hane3                         
ffffffff  __TI_pprof_out_hndl           
ffffffff  __TI_prof_data_size           
ffffffff  __TI_prof_data_start          
ffffffff  __binit__                     
ffffffff  __c_args__                    
ffffffff  binit                         
UNDEFED   __mpu_init                    
UNDEFED   _system_post_cinit            

[87 symbols]
