******************************************************************************
                  TI ARM Linker PC v18.1.3                     
******************************************************************************
>> Linked Mon Nov 18 13:15:48 2024

OUTPUT FILE NAME:   <deneme_projesilcdharf.out>
ENTRY POINT SYMBOL: "_c_int00_noinit_noargs"  address: 00000591


MEMORY CONFIGURATION

         name            origin    length      used     unused   attr    fill
----------------------  --------  ---------  --------  --------  ----  --------
  FLASH                 00000000   00040000  0000063a  0003f9c6  R  X
  SRAM                  20000000   00008000  00000200  00007e00  RW X


SEGMENT ALLOCATION MAP

run origin  load origin   length   init length attrs members
----------  ----------- ---------- ----------- ----- -------
00000000    00000000    0000063a   0000063a    r-x
  00000000    00000000    0000026c   0000026c    r-- .intvecs
  0000026c    0000026c    000003ce   000003ce    r-x .text
20000000    20000000    00000200   00000000    rw-
  20000000    20000000    00000200   00000000    rw- .stack


SECTION ALLOCATION MAP

 output                                  attributes/
section   page    origin      length       input sections
--------  ----  ----------  ----------   ----------------
.intvecs   0    00000000    0000026c     
                  00000000    0000026c     tm4c123gh6pm_startup_ccs.obj (.intvecs)

.text      0    0000026c    000003ce     
                  0000026c    000001bc     lcd.obj (.text)
                  00000428    00000132     driverlib.lib : gpio.obj (.text:GPIOPadConfigSet)
                  0000055a    00000002     --HOLE-- [fill = 0]
                  0000055c    00000034                   : sysctl.obj (.text:SysCtlPeripheralEnable)
                  00000590    00000030     rtsv7M4_T_le_v4SPD16_eabi.lib : boot_cortex_m.c.obj (.text:_c_int00_noinit_noargs:_c_int00_noinit_noargs)
                  000005c0    0000002a     driverlib.lib : gpio.obj (.text:GPIODirModeSet)
                  000005ea    00000018                   : gpio.obj (.text:GPIOPinTypeGPIOOutput)
                  00000602    00000018     main.obj (.text)
                  0000061a    0000000c     tm4c123gh6pm_startup_ccs.obj (.text)
                  00000626    00000006     driverlib.lib : gpio.obj (.text:GPIOPinWrite)
                  0000062c    00000006                   : sysctl.obj (.text:SysCtlDelay)
                  00000632    00000004     rtsv7M4_T_le_v4SPD16_eabi.lib : pre_init.c.obj (.text:_system_pre_init)
                  00000636    00000004                                   : exit.c.obj (.text:abort:abort)

.cinit     0    00000000    00000000     UNINITIALIZED

.init_array 
*          0    00000000    00000000     UNINITIALIZED

.stack     0    20000000    00000200     UNINITIALIZED
                  20000000    00000004     rtsv7M4_T_le_v4SPD16_eabi.lib : boot_cortex_m.c.obj (.stack)
                  20000004    000001fc     --HOLE--

MODULE SUMMARY

       Module                         code   ro data   rw data
       ------                         ----   -------   -------
    .\
       tm4c123gh6pm_startup_ccs.obj   12     620       0      
       lcd.obj                        444    0         0      
       main.obj                       24     0         0      
    +--+------------------------------+------+---------+---------+
       Total:                         480    620       0      
                                                              
    C:/ti/TivaWare_C_Series-2.1.4.178/driverlib/ccs/Debug/driverlib.lib
       gpio.obj                       378    0         0      
       sysctl.obj                     58     0         0      
    +--+------------------------------+------+---------+---------+
       Total:                         436    0         0      
                                                              
    C:\ti\ccsv8\tools\compiler\ti-cgt-arm_18.1.3.LTS\lib\rtsv7M4_T_le_v4SPD16_eabi.lib
       boot_cortex_m.c.obj            48     0         0      
       exit.c.obj                     4      0         0      
       pre_init.c.obj                 4      0         0      
    +--+------------------------------+------+---------+---------+
       Total:                         56     0         0      
                                                              
       Stack:                         0      0         512    
    +--+------------------------------+------+---------+---------+
       Grand Total:                   972    620       512    


GLOBAL SYMBOLS: SORTED ALPHABETICALLY BY Name 

address   name                  
-------   ----                  
00000637  C$$EXIT               
000005c1  GPIODirModeSet        
00000429  GPIOPadConfigSet      
000005eb  GPIOPinTypeGPIOOutput 
00000627  GPIOPinWrite          
000002e7  Lcdkomut              
000003d3  Lcdtemizle            
0000035f  Lcdyaz                
0000061b  ResetISR              
0000062d  SysCtlDelay           
0000055d  SysCtlPeripheralEnable
20000200  __STACK_END           
00000200  __STACK_SIZE          
20000200  __STACK_TOP           
ffffffff  __TI_pprof_out_hndl   
ffffffff  __TI_prof_data_size   
ffffffff  __TI_prof_data_start  
00000000  __TI_static_base__    
ffffffff  __binit__             
ffffffff  __c_args__            
UNDEFED   __mpu_init            
20000000  __stack               
00000591  _c_int00_noinit_noargs
00000633  _system_pre_init      
00000637  abort                 
ffffffff  binit                 
00000000  g_pfnVectors          
000003dd  lcdgotoxy             
000002a9  lcdilkayarlar         
00000603  main                  
0000026d  otuzhex               


GLOBAL SYMBOLS: SORTED BY Symbol Address 

address   name                  
-------   ----                  
00000000  __TI_static_base__    
00000000  g_pfnVectors          
00000200  __STACK_SIZE          
0000026d  otuzhex               
000002a9  lcdilkayarlar         
000002e7  Lcdkomut              
0000035f  Lcdyaz                
000003d3  Lcdtemizle            
000003dd  lcdgotoxy             
00000429  GPIOPadConfigSet      
0000055d  SysCtlPeripheralEnable
00000591  _c_int00_noinit_noargs
000005c1  GPIODirModeSet        
000005eb  GPIOPinTypeGPIOOutput 
00000603  main                  
0000061b  ResetISR              
00000627  GPIOPinWrite          
0000062d  SysCtlDelay           
00000633  _system_pre_init      
00000637  C$$EXIT               
00000637  abort                 
20000000  __stack               
20000200  __STACK_END           
20000200  __STACK_TOP           
ffffffff  __TI_pprof_out_hndl   
ffffffff  __TI_prof_data_size   
ffffffff  __TI_prof_data_start  
ffffffff  __binit__             
ffffffff  __c_args__            
ffffffff  binit                 
UNDEFED   __mpu_init            

[31 symbols]
